2025-04-15 23:17:40	/var/www/html/dokuwiki/inc/parser/xhtml.php(1643)	E_WARNING: Undefined array key "pre"
  #0 /var/www/html/dokuwiki/inc/parser/xhtml.php(1643): dokuwiki\ErrorHandler::errorHandler()
  #1 /var/www/html/dokuwiki/lib/plugins/include/syntax/footer.php(68): Doku_Renderer_xhtml->_formatLink()
  #2 /var/www/html/dokuwiki/lib/plugins/include/syntax/footer.php(34): syntax_plugin_include_footer->html_footer()
  #3 /var/www/html/dokuwiki/inc/parser/renderer.php(126): syntax_plugin_include_footer->render()
  #4 /var/www/html/dokuwiki/inc/parser/renderer.php(141): Doku_Renderer->plugin()
  #5 /var/www/html/dokuwiki/lib/plugins/include/syntax/include.php(157): Doku_Renderer->nest()
  #6 /var/www/html/dokuwiki/inc/parser/renderer.php(126): syntax_plugin_include_include->render()
  #7 /var/www/html/dokuwiki/inc/parserutils.php(691): Doku_Renderer->plugin()
  #8 /var/www/html/dokuwiki/inc/Ui/PageView.php(56): p_render()
  #9 /var/www/html/dokuwiki/inc/Action/Preview.php(32): dokuwiki\Ui\PageView->show()
  #10 /var/www/html/dokuwiki/inc/template.php(120): dokuwiki\Action\Preview->tplContent()
  #11 [internal function]: tpl_content_core()
  #12 /var/www/html/dokuwiki/inc/Extension/Event.php(134): call_user_func_array()
  #13 /var/www/html/dokuwiki/inc/Extension/Event.php(200): dokuwiki\Extension\Event->trigger()
  #14 /var/www/html/dokuwiki/inc/template.php(102): dokuwiki\Extension\Event::createAndTrigger()
  #15 /var/www/html/dokuwiki/lib/tpl/dokuwiki/main.php(60): tpl_content()
  #16 /var/www/html/dokuwiki/inc/actions.php(30): include('...')
  #17 /var/www/html/dokuwiki/doku.php(131): act_dispatch()
  #18 {main}
2025-04-15 23:17:40	/var/www/html/dokuwiki/inc/parser/xhtml.php(1654)	E_WARNING: Undefined array key "suf"
  #0 /var/www/html/dokuwiki/inc/parser/xhtml.php(1654): dokuwiki\ErrorHandler::errorHandler()
  #1 /var/www/html/dokuwiki/lib/plugins/include/syntax/footer.php(68): Doku_Renderer_xhtml->_formatLink()
  #2 /var/www/html/dokuwiki/lib/plugins/include/syntax/footer.php(34): syntax_plugin_include_footer->html_footer()
  #3 /var/www/html/dokuwiki/inc/parser/renderer.php(126): syntax_plugin_include_footer->render()
  #4 /var/www/html/dokuwiki/inc/parser/renderer.php(141): Doku_Renderer->plugin()
  #5 /var/www/html/dokuwiki/lib/plugins/include/syntax/include.php(157): Doku_Renderer->nest()
  #6 /var/www/html/dokuwiki/inc/parser/renderer.php(126): syntax_plugin_include_include->render()
  #7 /var/www/html/dokuwiki/inc/parserutils.php(691): Doku_Renderer->plugin()
  #8 /var/www/html/dokuwiki/inc/Ui/PageView.php(56): p_render()
  #9 /var/www/html/dokuwiki/inc/Action/Preview.php(32): dokuwiki\Ui\PageView->show()
  #10 /var/www/html/dokuwiki/inc/template.php(120): dokuwiki\Action\Preview->tplContent()
  #11 [internal function]: tpl_content_core()
  #12 /var/www/html/dokuwiki/inc/Extension/Event.php(134): call_user_func_array()
  #13 /var/www/html/dokuwiki/inc/Extension/Event.php(200): dokuwiki\Extension\Event->trigger()
  #14 /var/www/html/dokuwiki/inc/template.php(102): dokuwiki\Extension\Event::createAndTrigger()
  #15 /var/www/html/dokuwiki/lib/tpl/dokuwiki/main.php(60): tpl_content()
  #16 /var/www/html/dokuwiki/inc/actions.php(30): include('...')
  #17 /var/www/html/dokuwiki/doku.php(131): act_dispatch()
  #18 {main}
